// Jest Snapshot v1, https://goo.gl/fbAQLP

exports[`TheHeaderDropdownAccnt.vue renders correctly 1`] = `
<cdropdown-stub
  addmenuclasses="pt-0"
  caret="true"
  class="c-header-nav-items"
  flip="true"
  nav=""
  no-caret=""
  placement="bottom-end"
  togglertext="Dropdown"
>
   
  <cdropdownheader-stub
    class="text-center"
    color="light"
    tag="div"
  >
    <strong>
      Account
    </strong>
  </cdropdownheader-stub>
   
  <cdropdownitem-stub
    activeclass="active"
    event="click"
    exactactiveclass="active"
    routertag="a"
    target="_self"
  >
    <i
      class="cui-bell mr-2"
    />
     Updates
    
    <cbadge-stub
      activeclass="active"
      class="ml-auto"
      color="info"
      event="click"
      exactactiveclass="active"
      routertag="a"
      tag="span"
      target="_self"
    >
      42
    </cbadge-stub>
  </cdropdownitem-stub>
   
  <cdropdownitem-stub
    activeclass="active"
    event="click"
    exactactiveclass="active"
    routertag="a"
    target="_self"
  >
    <i
      class="cui-envelope-open mr-2"
    />
     Messages
    
    <cbadge-stub
      activeclass="active"
      class="ml-auto"
      color="success"
      event="click"
      exactactiveclass="active"
      routertag="a"
      tag="span"
      target="_self"
    >
      42
    </cbadge-stub>
  </cdropdownitem-stub>
   
  <cdropdownitem-stub
    activeclass="active"
    event="click"
    exactactiveclass="active"
    routertag="a"
    target="_self"
  >
    <i
      class="cui-task mr-2"
    />
     Tasks
    
    <cbadge-stub
      activeclass="active"
      class="ml-auto"
      color="danger"
      event="click"
      exactactiveclass="active"
      routertag="a"
      tag="span"
      target="_self"
    >
      42
    </cbadge-stub>
  </cdropdownitem-stub>
   
  <cdropdownitem-stub
    activeclass="active"
    event="click"
    exactactiveclass="active"
    routertag="a"
    target="_self"
  >
    <i
      class="cui-comment-square mr-2"
    />
     Comments
    
    <cbadge-stub
      activeclass="active"
      class="ml-auto"
      color="warning"
      event="click"
      exactactiveclass="active"
      routertag="a"
      tag="span"
      target="_self"
    >
      42
    </cbadge-stub>
  </cdropdownitem-stub>
   
  <cdropdownheader-stub
    class="text-center"
    color="light"
    tag="div"
  >
    <strong>
      Settings
    </strong>
  </cdropdownheader-stub>
   
  <cdropdownitem-stub
    activeclass="active"
    event="click"
    exactactiveclass="active"
    routertag="a"
    target="_self"
  >
    <i
      class="cui-user mr-2"
    />
     Profile
  
  </cdropdownitem-stub>
   
  <cdropdownitem-stub
    activeclass="active"
    event="click"
    exactactiveclass="active"
    routertag="a"
    target="_self"
  >
    <i
      class="cui-wrench mr-2"
    />
     Settings
  
  </cdropdownitem-stub>
   
  <cdropdownitem-stub
    activeclass="active"
    event="click"
    exactactiveclass="active"
    routertag="a"
    target="_self"
  >
    <i
      class="cui-dollar mr-2"
    />
     Payments
    
    <cbadge-stub
      activeclass="active"
      class="ml-auto"
      color="secondary"
      event="click"
      exactactiveclass="active"
      routertag="a"
      tag="span"
      target="_self"
    >
      42
    </cbadge-stub>
  </cdropdownitem-stub>
   
  <cdropdownitem-stub
    activeclass="active"
    event="click"
    exactactiveclass="active"
    routertag="a"
    target="_self"
  >
    <i
      class="cui-file mr-2"
    />
     Projects
    
    <cbadge-stub
      activeclass="active"
      class="ml-auto"
      color="primary"
      event="click"
      exactactiveclass="active"
      routertag="a"
      tag="span"
      target="_self"
    >
      42
    </cbadge-stub>
  </cdropdownitem-stub>
   
  <cdropdowndivider-stub
    tag="div"
  />
   
  <cdropdownitem-stub
    activeclass="active"
    event="click"
    exactactiveclass="active"
    routertag="a"
    target="_self"
  >
    <i
      class="cui-shield mr-2"
    />
     Lock Account
  
  </cdropdownitem-stub>
   
  <cdropdownitem-stub
    activeclass="active"
    event="click"
    exactactiveclass="active"
    routertag="a"
    target="_self"
  >
    <i
      class="cui-lock-locked mr-2"
    />
     Logout
  
  </cdropdownitem-stub>
</cdropdown-stub>
`;
