// Jest Snapshot v1, https://goo.gl/fbAQLP

exports[`Page500.vue renders correctly 1`] = `
<ccontainer-stub
  class="c-d-flex c-align-items-center c-min-vh-100"
>
  <crow-stub
    class="c-w-100 c-justify-content-center"
  >
    <ccol-stub
      md="6"
      tag="div"
    >
      <div
        class="c-clearfix"
      >
        <h1
          class="c-float-left c-display-3 c-mr-4"
        >
          500
        </h1>
         
        <h4
          class="c-pt-3"
        >
          Houston, we have a problem!
        </h4>
         
        <p
          class="c-text-muted"
        >
          The page you are looking for is temporarily unavailable.
        </p>
      </div>
       
      <cforminput-stub
        class="c-mb-0"
        lazy="400"
        placeholder="What are you looking for?"
        prependhtml=<i class='cui-magnifying-glass'></i>
        type="text"
      />
    </ccol-stub>
  </crow-stub>
</ccontainer-stub>
`;
