// Jest Snapshot v1, https://goo.gl/fbAQLP

exports[`Register.vue renders correctly 1`] = `
<ccontainer-stub
  class="min-vh-100 d-flex align-items-center"
>
  <crow-stub
    class="w-100 justify-content-center"
  >
    <ccol-stub
      md="6"
      sm="8"
      tag="div"
    >
      <ccard-stub
        class="mx-4"
        subtitletag="h6"
        titletag="h4"
      >
        <ccardbody-stub
          class="p-4"
          subtitletag="h6"
          titletag="h4"
        >
          <cform-stub>
            <h1>
              Register
            </h1>
             
            <p
              class="text-muted"
            >
              Create your account
            </p>
             
            <cforminput-stub
              autocomplete="username"
              lazy="400"
              placeholder="Username"
              prependhtml=<i class='cui-user'></i>
              type="text"
            />
             
            <cforminput-stub
              autocomplete="email"
              lazy="400"
              placeholder="Email"
              prependhtml="@"
              type="text"
            />
             
            <cforminput-stub
              autocomplete="new-password"
              lazy="400"
              placeholder="Password"
              prependhtml=<i class='cui-lock-locked'></i>
              type="password"
            />
             
            <cforminput-stub
              autocomplete="new-password"
              class="mb-4"
              lazy="400"
              placeholder="Repeat password"
              prependhtml=<i class='cui-lock-locked'></i>
              type="password"
            />
             
            <cbutton-stub
              activeclass="active"
              block="true"
              event="click"
              exactactiveclass="active"
              routertag="a"
              target="_self"
              type="button"
              variant="success"
            >
              Create Account
            </cbutton-stub>
          </cform-stub>
        </ccardbody-stub>
         
        <ccardfooter-stub
          class="p-4"
          subtitletag="h6"
          titletag="h4"
        >
          <crow-stub>
            <ccol-stub
              col="6"
              tag="div"
            >
              <cbutton-stub
                activeclass="active"
                block="true"
                event="click"
                exactactiveclass="active"
                routertag="a"
                target="_self"
                texthtml="Facebook"
                type="button"
                variant="facebook"
              />
            </ccol-stub>
             
            <ccol-stub
              col="6"
              tag="div"
            >
              <cbutton-stub
                activeclass="active"
                block="true"
                event="click"
                exactactiveclass="active"
                routertag="a"
                target="_self"
                texthtml="Twitter"
                type="button"
                variant="twitter"
              />
            </ccol-stub>
          </crow-stub>
        </ccardfooter-stub>
      </ccard-stub>
    </ccol-stub>
  </crow-stub>
</ccontainer-stub>
`;
