// Jest Snapshot v1, https://goo.gl/fbAQLP

exports[`Dropdowns.vue renders correctly 1`] = `
<div>
  <div
    class="row"
  >
    <div
      class="col-12 col-md-6"
    >
      <div
        class="card"
      >
        <!---->
        <header
          class="card-header"
        >
          <i
            class="fa fa-align-justify"
          />
           
          <strong>
             Bootstrap Dropdown
          </strong>
           
          <div
            class="card-header-actions"
          >
            <a
              class="card-header-action"
              href="https://coreui.io/vue/docs/3.0/components/Dropdown"
              rel="noreferrer noopener"
              target="_blank"
            >
              <small
                class="text-muted"
              >
                docs
              </small>
            </a>
          </div>
        </header>
         
        <div
          class="card-body"
        >
          <div>
            <div
              class="m-2 dropdown"
            >
              <button
                aria-expanded="false"
                aria-haspopup="true"
                class="btn dropdown-toggle btn-secondary"
              >
                Dropdown Button
              </button>
              <!---->
              <div
                class="dropdown-menu"
              >
                <a
                  class="dropdown-item"
                  href="#"
                  role="menuitem"
                  target="_self"
                >
                  First Action
                </a>
                 
                <a
                  class="dropdown-item"
                  href="#"
                  role="menuitem"
                  target="_self"
                >
                  Second Action
                </a>
                 
                <a
                  class="dropdown-item"
                  href="#"
                  role="menuitem"
                  target="_self"
                >
                  Third Action
                </a>
                 
                <div
                  class="dropdown-divider"
                  role="separator"
                />
                 
                <a
                  class="dropdown-item"
                  href="#"
                  role="menuitem"
                  target="_self"
                >
                  Something else here...
                </a>
                 
                <a
                  aria-disabled="true"
                  class="dropdown-item disabled"
                  href="#"
                  role="menuitem"
                  tabindex="-1"
                  target="_self"
                >
                  Disabled action
                </a>
              </div>
            </div>
          </div>
           
          <div>
            <div
              class="m-2 dropdown"
            >
              <button
                aria-expanded="false"
                aria-haspopup="true"
                class="btn dropdown-toggle btn-secondary"
              >
                Dropdown with divider
              </button>
              <!---->
              <div
                class="dropdown-menu"
              >
                <a
                  class="dropdown-item"
                  href="#"
                  role="menuitem"
                  target="_self"
                >
                  First item
                </a>
                 
                <a
                  class="dropdown-item"
                  href="#"
                  role="menuitem"
                  target="_self"
                >
                  Second item
                </a>
                 
                <div
                  class="dropdown-divider"
                  role="separator"
                />
                 
                <a
                  class="dropdown-item"
                  href="#"
                  role="menuitem"
                  target="_self"
                >
                  Separated Item
                </a>
              </div>
            </div>
          </div>
           
          <div>
            <div
              class="m-2 dropdown"
            >
              <button
                aria-expanded="false"
                aria-haspopup="true"
                class="btn dropdown-toggle btn-secondary"
              >
                Dropdown with header
              </button>
              <!---->
              <div
                class="dropdown-menu"
              >
                <div
                  class="dropdown-header"
                >
                  Dropdown header
                </div>
                 
                <a
                  class="dropdown-item"
                  href="#"
                  role="menuitem"
                  target="_self"
                >
                  First item
                </a>
                 
                <a
                  class="dropdown-item"
                  href="#"
                  role="menuitem"
                  target="_self"
                >
                  Second Item
                </a>
              </div>
            </div>
          </div>
        </div>
        <!---->
      </div>
    </div>
     
    <div
      class="col-12 col-md-6"
    >
      <div
        class="card"
      >
        <!---->
        <header
          class="card-header"
        >
          <i
            class="fa fa-align-justify"
          />
           
          <strong>
             Dropdown 
          </strong>
           
          <small>
            positioning
          </small>
        </header>
         
        <div
          class="card-body"
        >
          <div>
            <div
              class="m-2 d-inline-block dropdown"
            >
              <button
                aria-expanded="false"
                aria-haspopup="true"
                class="btn dropdown-toggle btn-primary"
              >
                Left align
              </button>
              <!---->
              <div
                class="dropdown-menu"
              >
                <a
                  class="dropdown-item"
                  href="#"
                  role="menuitem"
                  target="_self"
                >
                  Action
                </a>
                 
                <a
                  class="dropdown-item"
                  href="#"
                  role="menuitem"
                  target="_self"
                >
                  Another action
                </a>
                 
                <a
                  class="dropdown-item"
                  href="#"
                  role="menuitem"
                  target="_self"
                >
                  Something else here
                </a>
              </div>
            </div>
             
            <div
              class="m-2 d-inline-block dropdown"
            >
              <button
                aria-expanded="false"
                aria-haspopup="true"
                class="btn dropdown-toggle btn-primary"
              >
                Right align
              </button>
              <!---->
              <div
                class="dropdown-menu"
              >
                <a
                  class="dropdown-item"
                  href="#"
                  role="menuitem"
                  target="_self"
                >
                  Action
                </a>
                 
                <a
                  class="dropdown-item"
                  href="#"
                  role="menuitem"
                  target="_self"
                >
                  Another action
                </a>
                 
                <a
                  class="dropdown-item"
                  href="#"
                  role="menuitem"
                  target="_self"
                >
                  Something else here
                </a>
              </div>
            </div>
          </div>
           
          <div>
            <div
              class="m-2 dropup"
            >
              <button
                aria-expanded="false"
                aria-haspopup="true"
                class="btn dropdown-toggle btn-info"
              >
                Drop-Up
              </button>
              <!---->
              <div
                class="dropdown-menu"
              >
                <a
                  class="dropdown-item"
                  href="#"
                  role="menuitem"
                  target="_self"
                >
                  Action
                </a>
                 
                <a
                  class="dropdown-item"
                  href="#"
                  role="menuitem"
                  target="_self"
                >
                  Another action
                </a>
                 
                <a
                  class="dropdown-item"
                  href="#"
                  role="menuitem"
                  target="_self"
                >
                  Something else here
                </a>
              </div>
            </div>
          </div>
           
          <div>
            <div
              class="m-2 dropdown"
            >
              <button
                aria-expanded="false"
                aria-haspopup="true"
                class="btn dropdown-toggle btn-secondary"
              >
                Offset Dropdown
              </button>
              <!---->
              <div
                class="dropdown-menu"
              >
                <a
                  class="dropdown-item"
                  href="#"
                  role="menuitem"
                  target="_self"
                >
                  Action
                </a>
                 
                <a
                  class="dropdown-item"
                  href="#"
                  role="menuitem"
                  target="_self"
                >
                  Another action
                </a>
                 
                <a
                  class="dropdown-item"
                  href="#"
                  role="menuitem"
                  target="_self"
                >
                  Something else here
                </a>
              </div>
            </div>
          </div>
           
          <div>
            <div
              class="m-2 dropdown btn-group"
            >
              <button
                class="btn btn-secondary"
              >
                Split Dropdown
              </button>
              <button
                aria-expanded="false"
                aria-haspopup="true"
                class="dropdown-toggle dropdown-toggle-split btn btn-secondary"
              />
              <div
                class="dropdown-menu"
              >
                <a
                  class="dropdown-item"
                  href="#"
                  role="menuitem"
                  target="_self"
                >
                  Action
                </a>
                 
                <a
                  class="dropdown-item"
                  href="#"
                  role="menuitem"
                  target="_self"
                >
                  Another action
                </a>
                 
                <a
                  class="dropdown-item"
                  href="#"
                  role="menuitem"
                  target="_self"
                >
                  Something else here...
                </a>
              </div>
            </div>
          </div>
        </div>
        <!---->
      </div>
    </div>
  </div>
   
  <div
    class="row"
  >
    <div
      class="col-12 col-md-6"
    >
      <div
        class="card"
      >
        <!---->
        <header
          class="card-header"
        >
          <i
            class="fa fa-align-justify"
          />
           
          <strong>
             Dropdown 
          </strong>
           
          <small>
            hidden caret
          </small>
        </header>
         
        <div
          class="card-body"
        >
          <div>
            <div
              class="dropdown"
            >
              <button
                aria-expanded="false"
                aria-haspopup="true"
                class="btn btn-lg btn-link"
              >
                
                🔍
                <span
                  class="sr-only"
                >
                  Search
                </span>
              </button>
              <!---->
              <div
                class="dropdown-menu"
              >
                 
                <a
                  class="dropdown-item"
                  href="#"
                  role="menuitem"
                  target="_self"
                >
                  Action
                </a>
                 
                <a
                  class="dropdown-item"
                  href="#"
                  role="menuitem"
                  target="_self"
                >
                  Another action
                </a>
                 
                <a
                  class="dropdown-item"
                  href="#"
                  role="menuitem"
                  target="_self"
                >
                  Something else here...
                </a>
              </div>
            </div>
          </div>
        </div>
        <!---->
      </div>
    </div>
     
    <div
      class="col-12 col-md-6"
    >
      <div
        class="card"
      >
        <!---->
        <header
          class="card-header"
        >
          <i
            class="fa fa-align-justify"
          />
           
          <strong>
             Dropdown 
          </strong>
           
          <small>
            sizing
          </small>
        </header>
         
        <div
          class="card-body"
        >
          <div>
            <div
              class="m-2 d-inline-block dropdown"
            >
              <button
                aria-expanded="false"
                aria-haspopup="true"
                class="btn dropdown-toggle btn-lg btn-secondary"
              >
                Large
              </button>
              <!---->
              <div
                class="dropdown-menu"
              >
                <a
                  class="dropdown-item"
                  href="#"
                  role="menuitem"
                  target="_self"
                >
                  Action
                </a>
                 
                <a
                  class="dropdown-item"
                  href="#"
                  role="menuitem"
                  target="_self"
                >
                  Another action
                </a>
                 
                <a
                  class="dropdown-item"
                  href="#"
                  role="menuitem"
                  target="_self"
                >
                  Something else here
                </a>
              </div>
            </div>
             
            <div
              class="m-2 dropdown btn-group"
            >
              <button
                class="btn btn-lg btn-secondary"
              >
                Large Split
              </button>
              <button
                aria-expanded="false"
                aria-haspopup="true"
                class="dropdown-toggle dropdown-toggle-split btn btn-lg btn-secondary"
              />
              <div
                class="dropdown-menu"
              >
                <a
                  class="dropdown-item"
                  href="#"
                  role="menuitem"
                  target="_self"
                >
                  Action
                </a>
                 
                <a
                  class="dropdown-item"
                  href="#"
                  role="menuitem"
                  target="_self"
                >
                  Another action
                </a>
                 
                <a
                  class="dropdown-item"
                  href="#"
                  role="menuitem"
                  target="_self"
                >
                  Something else here...
                </a>
              </div>
            </div>
             
            <br />
             
            <div
              class="m-2 d-inline-block dropdown"
            >
              <button
                aria-expanded="false"
                aria-haspopup="true"
                class="btn dropdown-toggle btn-sm btn-secondary"
              >
                Small
              </button>
              <!---->
              <div
                class="dropdown-menu"
              >
                <a
                  class="dropdown-item"
                  href="#"
                  role="menuitem"
                  target="_self"
                >
                  Action
                </a>
                 
                <a
                  class="dropdown-item"
                  href="#"
                  role="menuitem"
                  target="_self"
                >
                  Another action
                </a>
                 
                <a
                  class="dropdown-item"
                  href="#"
                  role="menuitem"
                  target="_self"
                >
                  Something else here...
                </a>
              </div>
            </div>
             
            <div
              class="m-2 dropdown btn-group"
            >
              <button
                class="btn btn-sm btn-secondary"
              >
                Small Split
              </button>
              <button
                aria-expanded="false"
                aria-haspopup="true"
                class="dropdown-toggle dropdown-toggle-split btn btn-sm btn-secondary"
              />
              <div
                class="dropdown-menu"
              >
                <a
                  class="dropdown-item"
                  href="#"
                  role="menuitem"
                  target="_self"
                >
                  Action
                </a>
                 
                <a
                  class="dropdown-item"
                  href="#"
                  role="menuitem"
                  target="_self"
                >
                  Another action
                </a>
                 
                <a
                  class="dropdown-item"
                  href="#"
                  role="menuitem"
                  target="_self"
                >
                  Something else here...
                </a>
              </div>
            </div>
          </div>
        </div>
        <!---->
      </div>
    </div>
  </div>
   
  <div
    class="row"
  >
    <div
      class="col-12 col-md-6"
    >
      <div
        class="card"
      >
        <!---->
        <header
          class="card-header"
        >
          <i
            class="fa fa-align-justify"
          />
           
          <strong>
             Dropdown 
          </strong>
           
          <small>
            headers and accessibility
          </small>
        </header>
         
        <div
          class="card-body"
        >
          <div>
            <div
              class="m-2 dropdown"
            >
              <button
                aria-expanded="false"
                aria-haspopup="true"
                class="btn dropdown-toggle btn-primary"
              >
                Dropdown ARIA
              </button>
              <!---->
              <div
                class="dropdown-menu"
              >
                <div
                  role="group"
                >
                  <div
                    class="dropdown-header"
                  >
                    Groups
                  </div>
                   
                  <a
                    class="dropdown-item"
                    href="#"
                    role="menuitem"
                    target="_self"
                  >
                    Add
                  </a>
                   
                  <a
                    class="dropdown-item"
                    href="#"
                    role="menuitem"
                    target="_self"
                  >
                    Delete
                  </a>
                </div>
                 
                <div
                  role="group"
                >
                  <div
                    class="dropdown-header"
                  >
                    Users
                  </div>
                   
                  <a
                    class="dropdown-item"
                    href="#"
                    role="menuitem"
                    target="_self"
                  >
                    Add
                  </a>
                   
                  <a
                    class="dropdown-item"
                    href="#"
                    role="menuitem"
                    target="_self"
                  >
                    Delete
                  </a>
                </div>
                 
                <div
                  class="dropdown-divider"
                  role="separator"
                />
                 
                <a
                  class="dropdown-item"
                  href="#"
                  role="menuitem"
                  target="_self"
                >
                  
                Something 
                  <strong>
                    not
                  </strong>
                   associated with user
              
                </a>
              </div>
            </div>
          </div>
        </div>
        <!---->
      </div>
    </div>
     
    <div
      class="col-12 col-md-6"
    >
      <div
        class="card"
      >
        <!---->
        <header
          class="card-header"
        >
          <i
            class="fa fa-align-justify"
          />
           
          <strong>
             Dropdown 
          </strong>
           
          <small>
            <code>
              color
            </code>
          </small>
        </header>
         
        <div
          class="card-body"
        >
          <div
            class="m-0 d-inline-block dropdown"
          >
            <button
              aria-expanded="false"
              aria-haspopup="true"
              class="btn dropdown-toggle btn-sm btn-primary"
            >
              Primary
            </button>
            <!---->
            <div
              class="dropdown-menu"
            >
              <a
                class="dropdown-item"
                href="#"
                role="menuitem"
                target="_self"
              >
                First Action
              </a>
               
              <a
                class="dropdown-item"
                href="#"
                role="menuitem"
                target="_self"
              >
                Second Action
              </a>
               
              <a
                class="dropdown-item"
                href="#"
                role="menuitem"
                target="_self"
              >
                Third Action
              </a>
            </div>
          </div>
           
          <div
            class="m-0 d-inline-block dropdown"
          >
            <button
              aria-expanded="false"
              aria-haspopup="true"
              class="btn dropdown-toggle btn-sm btn-secondary"
            >
              Secondary
            </button>
            <!---->
            <div
              class="dropdown-menu"
            >
              <a
                class="dropdown-item"
                href="#"
                role="menuitem"
                target="_self"
              >
                First Action
              </a>
               
              <a
                class="dropdown-item"
                href="#"
                role="menuitem"
                target="_self"
              >
                Second Action
              </a>
               
              <a
                class="dropdown-item"
                href="#"
                role="menuitem"
                target="_self"
              >
                Third Action
              </a>
            </div>
          </div>
           
          <div
            class="m-0 d-inline-block dropdown"
          >
            <button
              aria-expanded="false"
              aria-haspopup="true"
              class="btn dropdown-toggle btn-sm btn-success"
            >
              Success
            </button>
            <!---->
            <div
              class="dropdown-menu"
            >
              <a
                class="dropdown-item"
                href="#"
                role="menuitem"
                target="_self"
              >
                First Action
              </a>
               
              <a
                class="dropdown-item"
                href="#"
                role="menuitem"
                target="_self"
              >
                Second Action
              </a>
               
              <a
                class="dropdown-item"
                href="#"
                role="menuitem"
                target="_self"
              >
                Third Action
              </a>
            </div>
          </div>
           
          <div
            class="m-0 d-inline-block dropdown"
          >
            <button
              aria-expanded="false"
              aria-haspopup="true"
              class="btn dropdown-toggle btn-sm btn-warning"
            >
              Warning
            </button>
            <!---->
            <div
              class="dropdown-menu"
            >
              <a
                class="dropdown-item"
                href="#"
                role="menuitem"
                target="_self"
              >
                First Action
              </a>
               
              <a
                class="dropdown-item"
                href="#"
                role="menuitem"
                target="_self"
              >
                Second Action
              </a>
               
              <a
                class="dropdown-item"
                href="#"
                role="menuitem"
                target="_self"
              >
                Third Action
              </a>
            </div>
          </div>
           
          <div
            class="m-0 d-inline-block dropdown"
          >
            <button
              aria-expanded="false"
              aria-haspopup="true"
              class="btn dropdown-toggle btn-sm btn-danger"
            >
              Danger
            </button>
            <!---->
            <div
              class="dropdown-menu"
            >
              <a
                class="dropdown-item"
                href="#"
                role="menuitem"
                target="_self"
              >
                First Action
              </a>
               
              <a
                class="dropdown-item"
                href="#"
                role="menuitem"
                target="_self"
              >
                Second Action
              </a>
               
              <a
                class="dropdown-item"
                href="#"
                role="menuitem"
                target="_self"
              >
                Third Action
              </a>
            </div>
          </div>
           
          <div
            class="m-0 d-inline-block dropdown"
          >
            <button
              aria-expanded="false"
              aria-haspopup="true"
              class="btn dropdown-toggle btn-sm btn-info"
            >
              Info
            </button>
            <!---->
            <div
              class="dropdown-menu"
            >
              <a
                class="dropdown-item"
                href="#"
                role="menuitem"
                target="_self"
              >
                First Action
              </a>
               
              <a
                class="dropdown-item"
                href="#"
                role="menuitem"
                target="_self"
              >
                Second Action
              </a>
               
              <a
                class="dropdown-item"
                href="#"
                role="menuitem"
                target="_self"
              >
                Third Action
              </a>
            </div>
          </div>
           
          <div
            class="m-0 d-inline-block dropdown"
          >
            <button
              aria-expanded="false"
              aria-haspopup="true"
              class="btn dropdown-toggle btn-sm btn-light"
            >
              Light
            </button>
            <!---->
            <div
              class="dropdown-menu"
            >
              <a
                class="dropdown-item"
                href="#"
                role="menuitem"
                target="_self"
              >
                First Action
              </a>
               
              <a
                class="dropdown-item"
                href="#"
                role="menuitem"
                target="_self"
              >
                Second Action
              </a>
               
              <a
                class="dropdown-item"
                href="#"
                role="menuitem"
                target="_self"
              >
                Third Action
              </a>
            </div>
          </div>
           
          <div
            class="m-0 d-inline-block dropdown"
          >
            <button
              aria-expanded="false"
              aria-haspopup="true"
              class="btn dropdown-toggle btn-sm btn-dark"
            >
              Dark
            </button>
            <!---->
            <div
              class="dropdown-menu"
            >
              <a
                class="dropdown-item"
                href="#"
                role="menuitem"
                target="_self"
              >
                First Action
              </a>
               
              <a
                class="dropdown-item"
                href="#"
                role="menuitem"
                target="_self"
              >
                Second Action
              </a>
               
              <a
                class="dropdown-item"
                href="#"
                role="menuitem"
                target="_self"
              >
                Third Action
              </a>
            </div>
          </div>
           
          <div
            class="m-0 d-inline-block dropdown"
          >
            <button
              aria-expanded="false"
              aria-haspopup="true"
              class="btn dropdown-toggle btn-sm btn-link"
            >
              Link
            </button>
            <!---->
            <div
              class="dropdown-menu"
            >
              <a
                class="dropdown-item"
                href="#"
                role="menuitem"
                target="_self"
              >
                First Action
              </a>
               
              <a
                class="dropdown-item"
                href="#"
                role="menuitem"
                target="_self"
              >
                Second Action
              </a>
               
              <a
                class="dropdown-item"
                href="#"
                role="menuitem"
                target="_self"
              >
                Third Action
              </a>
            </div>
          </div>
        </div>
        <!---->
      </div>
    </div>
  </div>
</div>
`;
