// Jest Snapshot v1, https://goo.gl/fbAQLP

exports[`Cards.vue renders correctly 1`] = `
<div>
  <div
    class="row"
  >
    <div
      class="col-sm-6 col-md-4"
    >
      <div
        class="card"
      >
        <!---->
        <header
          class="card-header"
        >
          
          Card title
          
          <div
            class="card-header-actions"
          >
            <a
              class="card-header-action"
              href="https://coreui.io/vue/docs/3.0/components/CardComponents"
              rel="noreferrer noopener"
              target="_blank"
            >
              <small
                class="text-muted"
              >
                docs
              </small>
            </a>
          </div>
        </header>
         
        <div
          class="card-body"
        >
          
          Lorem ipsum dolor sit amet, consectetuer adipiscing elit, sed diam nonummy nibh euismod tincidunt ut laoreet dolore magna aliquam erat volutpat. Ut wisi enim ad minim veniam, quis nostrud exerci tation ullamcorper suscipit lobortis nisl ut aliquip ex ea commodo consequat.
        
        </div>
        <!---->
      </div>
    </div>
     
    <div
      class="col-sm-6 col-md-4"
    >
      <div
        class="card"
      >
        <!---->
        <div
          class="card-body"
        >
          Lorem ipsum dolor sit amet, consectetuer adipiscing elit, sed diam nonummy nibh euismod tincidunt ut laoreet dolore magna aliquam erat volutpat. Ut wisi enim ad minim veniam, quis nostrud exerci tation ullamcorper suscipit lobortis nisl ut aliquip ex ea commodo consequat.
        </div>
        <footer
          class="card-footer"
        >
          Card Footer
        </footer>
      </div>
    </div>
     
    <div
      class="col-sm-6 col-md-4"
    >
      <div
        class="card"
      >
        <header
          class="card-header"
        >
          <i
            class="cui-check"
          />
           Card with icon
        </header>
        <div
          class="card-body"
        >
          Lorem ipsum dolor sit amet, consectetuer adipiscing elit, sed diam nonummy nibh euismod tincidunt ut laoreet dolore magna aliquam erat volutpat. Ut wisi enim ad minim veniam, quis nostrud exerci tation ullamcorper suscipit lobortis nisl ut aliquip ex ea commodo consequat.
        </div>
        <!---->
      </div>
    </div>
     
    <div
      class="col-sm-6 col-md-4"
    >
      <div
        class="card"
      >
        <!---->
        <header
          class="card-header"
        >
          
          Card with switch
          
          <label
            class="float-right c-switch form-check-label c-switch-info c-switch-sm c-switch-pill"
          >
            <input
              class="c-switch-input form-check-input"
              data-off="Off"
              data-on="On"
              type="checkbox"
              value=""
            />
            <span
              class="c-switch-slider"
            />
          </label>
        </header>
         
        <div
          class="card-body"
        >
          
          Lorem ipsum dolor sit amet, consectetuer adipiscing elit, sed diam nonummy nibh euismod tincidunt ut laoreet dolore magna aliquam erat volutpat. Ut wisi enim ad minim veniam, quis nostrud exerci tation ullamcorper suscipit lobortis nisl ut aliquip ex ea commodo consequat.
        
        </div>
        <!---->
      </div>
    </div>
     
    <div
      class="col-sm-6 col-md-4"
    >
      <div
        class="card"
      >
        <!---->
        <header
          class="card-header"
        >
          
          Card with label
          
          <span
            class="badge float-right badge-success"
          >
            Success
          </span>
        </header>
         
        <div
          class="card-body"
        >
          
          Lorem ipsum dolor sit amet, consectetuer adipiscing elit, sed diam nonummy nibh euismod tincidunt ut laoreet dolore magna aliquam erat volutpat. Ut wisi enim ad minim veniam, quis nostrud exerci tation ullamcorper suscipit lobortis nisl ut aliquip ex ea commodo consequat.
        
        </div>
        <!---->
      </div>
    </div>
     
    <div
      class="col-sm-6 col-md-4"
    >
      <div
        class="card"
      >
        <!---->
        <header
          class="card-header"
        >
          
          Card with label
          
          <span
            class="badge float-right badge-danger badge-pill"
          >
            42
          </span>
        </header>
         
        <div
          class="card-body"
        >
          
          Lorem ipsum dolor sit amet, consectetuer adipiscing elit, sed diam nonummy nibh euismod tincidunt ut laoreet dolore magna aliquam erat volutpat. Ut wisi enim ad minim veniam, quis nostrud exerci tation ullamcorper suscipit lobortis nisl ut aliquip ex ea commodo consequat.
        
        </div>
        <!---->
      </div>
    </div>
  </div>
   
  <div
    class="row"
  >
    <div
      class="col-sm-6 col-md-4"
    >
      <div
        class="card border-primary"
        header="Card outline primary"
      >
        <!---->
        <div
          class="card-body"
        >
          Lorem ipsum dolor sit amet, consectetuer adipiscing elit, sed diam nonummy nibh euismod tincidunt ut laoreet dolore magna aliquam erat volutpat. Ut wisi enim ad minim veniam, quis nostrud exerci tation ullamcorper suscipit lobortis nisl ut aliquip ex ea commodo consequat.
        </div>
        <!---->
      </div>
    </div>
     
    <div
      class="col-sm-6 col-md-4"
    >
      <div
        class="card border-secondary"
        header="Card outline secondary"
      >
        <!---->
        <div
          class="card-body"
        >
          Lorem ipsum dolor sit amet, consectetuer adipiscing elit, sed diam nonummy nibh euismod tincidunt ut laoreet dolore magna aliquam erat volutpat. Ut wisi enim ad minim veniam, quis nostrud exerci tation ullamcorper suscipit lobortis nisl ut aliquip ex ea commodo consequat.
        </div>
        <!---->
      </div>
    </div>
     
    <div
      class="col-sm-6 col-md-4"
    >
      <div
        class="card border-success"
        header="Card outline success"
      >
        <!---->
        <div
          class="card-body"
        >
          
          Lorem ipsum dolor sit amet, consectetuer adipiscing elit, sed diam nonummy nibh euismod tincidunt ut laoreet dolore magna aliquam erat volutpat. Ut wisi enim ad minim veniam, quis nostrud exerci tation ullamcorper suscipit lobortis nisl ut aliquip ex ea commodo consequat.
      
        </div>
        <!---->
      </div>
    </div>
     
    <div
      class="col-sm-6 col-md-4"
    >
      <div
        class="card border-info"
      >
        <header
          class="card-header"
        >
          Card outline info
        </header>
        <div
          class="card-body"
        >
          
          Lorem ipsum dolor sit amet, consectetuer adipiscing elit, sed diam nonummy nibh euismod tincidunt ut laoreet dolore magna aliquam erat volutpat. Ut wisi enim ad minim veniam, quis nostrud exerci tation ullamcorper suscipit lobortis nisl ut aliquip ex ea commodo consequat.
      
        </div>
        <!---->
      </div>
    </div>
     
    <div
      class="col-sm-6 col-md-4"
    >
      <div
        class="card border-warning"
      >
        <header
          class="card-header"
        >
          Card outline warning
        </header>
        <div
          class="card-body"
        >
          
          Lorem ipsum dolor sit amet, consectetuer adipiscing elit, sed diam nonummy nibh euismod tincidunt ut laoreet dolore magna aliquam erat volutpat. Ut wisi enim ad minim veniam, quis nostrud exerci tation ullamcorper suscipit lobortis nisl ut aliquip ex ea commodo consequat.
      
        </div>
        <!---->
      </div>
    </div>
     
    <div
      class="col-sm-6 col-md-4"
    >
      <div
        class="card border-danger"
      >
        <header
          class="card-header"
        >
          Card outline danger
        </header>
        <div
          class="card-body"
        >
          
          Lorem ipsum dolor sit amet, consectetuer adipiscing elit, sed diam nonummy nibh euismod tincidunt ut laoreet dolore magna aliquam erat volutpat. Ut wisi enim ad minim veniam, quis nostrud exerci tation ullamcorper suscipit lobortis nisl ut aliquip ex ea commodo consequat.
      
        </div>
        <!---->
      </div>
    </div>
  </div>
   
  <div
    class="row"
  >
    <div
      class="col-sm-6 col-md-4"
    >
      <div
        class="card card-accent-primary"
        header="Card with primary accent"
      >
        <!---->
        <div
          class="card-body"
        >
          
          Lorem ipsum dolor sit amet, consectetuer adipiscing elit, sed diam nonummy nibh euismod tincidunt ut laoreet dolore magna aliquam erat volutpat. Ut wisi enim ad minim veniam, quis nostrud exerci tation ullamcorper suscipit lobortis nisl ut aliquip ex ea commodo consequat.
      
        </div>
        <!---->
      </div>
    </div>
     
    <div
      class="col-sm-6 col-md-4"
    >
      <div
        class="card card-accent-secondary"
        header="Card with secondary accent"
      >
        <!---->
        <div
          class="card-body"
        >
          
          Lorem ipsum dolor sit amet, consectetuer adipiscing elit, sed diam nonummy nibh euismod tincidunt ut laoreet dolore magna aliquam erat volutpat. Ut wisi enim ad minim veniam, quis nostrud exerci tation ullamcorper suscipit lobortis nisl ut aliquip ex ea commodo consequat.
      
        </div>
        <!---->
      </div>
    </div>
     
    <div
      class="col-sm-6 col-md-4"
    >
      <div
        class="card card-accent-success"
        header="Card with success accent"
      >
        <!---->
        <div
          class="card-body"
        >
          
          Lorem ipsum dolor sit amet, consectetuer adipiscing elit, sed diam nonummy nibh euismod tincidunt ut laoreet dolore magna aliquam erat volutpat. Ut wisi enim ad minim veniam, quis nostrud exerci tation ullamcorper suscipit lobortis nisl ut aliquip ex ea commodo consequat.
      
        </div>
        <!---->
      </div>
    </div>
     
    <div
      class="col-sm-6 col-md-4"
    >
      <div
        class="card card-accent-info"
        header="Card with info accent"
      >
        <!---->
        <div
          class="card-body"
        >
          
          Lorem ipsum dolor sit amet, consectetuer adipiscing elit, sed diam nonummy nibh euismod tincidunt ut laoreet dolore magna aliquam erat volutpat. Ut wisi enim ad minim veniam, quis nostrud exerci tation ullamcorper suscipit lobortis nisl ut aliquip ex ea commodo consequat.
      
        </div>
        <!---->
      </div>
    </div>
     
    <div
      class="col-sm-6 col-md-4"
    >
      <div
        class="card card-accent-warning"
        header="Card with warning accent"
      >
        <!---->
        <div
          class="card-body"
        >
          
          Lorem ipsum dolor sit amet, consectetuer adipiscing elit, sed diam nonummy nibh euismod tincidunt ut laoreet dolore magna aliquam erat volutpat. Ut wisi enim ad minim veniam, quis nostrud exerci tation ullamcorper suscipit lobortis nisl ut aliquip ex ea commodo consequat.
      
        </div>
        <!---->
      </div>
    </div>
     
    <div
      class="col-sm-6 col-md-4"
    >
      <div
        class="card card-accent-danger"
        header="Card with danger accent"
      >
        <!---->
        <div
          class="card-body"
        >
          
          Lorem ipsum dolor sit amet, consectetuer adipiscing elit, sed diam nonummy nibh euismod tincidunt ut laoreet dolore magna aliquam erat volutpat. Ut wisi enim ad minim veniam, quis nostrud exerci tation ullamcorper suscipit lobortis nisl ut aliquip ex ea commodo consequat.
      
        </div>
        <!---->
      </div>
    </div>
  </div>
   
  <div
    class="row"
  >
    <div
      class="col-sm-6 col-md-4"
    >
      <div
        class="card bg-primary text-center"
      >
        <!---->
        <div
          class="card-body"
        >
          <blockquote
            class="card-blockquote"
          >
            <p>
              Lorem ipsum dolor sit amet, consectetur adipiscing elit. Integer posuere erat a ante.
            </p>
             
            <footer>
              Someone famous in
            
              <cite
                title="Source Title"
              >
                Source Title
              </cite>
            </footer>
          </blockquote>
        </div>
        <!---->
      </div>
    </div>
     
    <div
      class="col-sm-6 col-md-4"
    >
      <div
        class="card bg-success text-center"
      >
        <!---->
        <div
          class="card-body"
        >
          <blockquote
            class="card-blockquote"
          >
            <p>
              Lorem ipsum dolor sit amet, consectetur adipiscing elit. Integer posuere erat a ante.
            </p>
             
            <footer>
              Someone famous in
            
              <cite
                title="Source Title"
              >
                Source Title
              </cite>
            </footer>
          </blockquote>
        </div>
        <!---->
      </div>
    </div>
     
    <div
      class="col-sm-6 col-md-4"
    >
      <div
        class="card bg-info text-center"
      >
        <!---->
        <div
          class="card-body"
        >
          <blockquote
            class="card-blockquote"
          >
            <p>
              Lorem ipsum dolor sit amet, consectetur adipiscing elit. Integer posuere erat a ante.
            </p>
             
            <footer>
              Someone famous in
            
              <cite
                title="Source Title"
              >
                Source Title
              </cite>
            </footer>
          </blockquote>
        </div>
        <!---->
      </div>
    </div>
     
    <div
      class="col-sm-6 col-md-4"
    >
      <div
        class="card bg-warning text-center"
      >
        <!---->
        <div
          class="card-body"
        >
          <blockquote
            class="card-blockquote"
          >
            <p>
              Lorem ipsum dolor sit amet, consectetur adipiscing elit. Integer posuere erat a ante.
            </p>
             
            <footer>
              Someone famous in
            
              <cite
                title="Source Title"
              >
                Source Title
              </cite>
            </footer>
          </blockquote>
        </div>
        <!---->
      </div>
    </div>
     
    <div
      class="col-sm-6 col-md-4"
    >
      <div
        class="card bg-danger text-center"
      >
        <!---->
        <div
          class="card-body"
        >
          <blockquote
            class="card-blockquote"
          >
            <p>
              Lorem ipsum dolor sit amet, consectetur adipiscing elit. Integer posuere erat a ante.
            </p>
             
            <footer>
              Someone famous in
            
              <cite
                title="Source Title"
              >
                Source Title
              </cite>
            </footer>
          </blockquote>
        </div>
        <!---->
      </div>
    </div>
     
    <div
      class="col-sm-6 col-md-4"
    >
      <div
        class="card bg-secondary text-center"
      >
        <!---->
        <div
          class="card-body"
        >
          <blockquote
            class="card-blockquote"
          >
            <p>
              Lorem ipsum dolor sit amet, consectetur adipiscing elit. Integer posuere erat a ante.
            </p>
             
            <footer>
              Someone famous in
            
              <cite
                title="Source Title"
              >
                Source Title
              </cite>
            </footer>
          </blockquote>
        </div>
        <!---->
      </div>
    </div>
  </div>
   
  <div
    class="row"
  >
    <div
      class="col-sm-6 col-md-4"
    >
      <div
        class="card bg-primary"
      >
        <header
          class="card-header"
        >
          Card title
        </header>
        <div
          class="card-body"
        >
          
          Lorem ipsum dolor sit amet, consectetuer adipiscing elit, sed diam nonummy nibh euismod tincidunt ut laoreet dolore magna aliquam erat volutpat. Ut wisi enim ad minim veniam, quis nostrud exerci tation ullamcorper suscipit lobortis nisl ut aliquip ex ea commodo consequat.
      
        </div>
        <!---->
      </div>
    </div>
     
    <div
      class="col-sm-6 col-md-4"
    >
      <div
        class="card bg-success"
      >
        <header
          class="card-header"
        >
          Card title
        </header>
        <div
          class="card-body"
        >
          
          Lorem ipsum dolor sit amet, consectetuer adipiscing elit, sed diam nonummy nibh euismod tincidunt ut laoreet dolore magna aliquam erat volutpat. Ut wisi enim ad minim veniam, quis nostrud exerci tation ullamcorper suscipit lobortis nisl ut aliquip ex ea commodo consequat.
      
        </div>
        <!---->
      </div>
    </div>
     
    <div
      class="col-sm-6 col-md-4"
    >
      <div
        class="card bg-info"
      >
        <header
          class="card-header"
        >
          Card title
        </header>
        <div
          class="card-body"
        >
          
          Lorem ipsum dolor sit amet, consectetuer adipiscing elit, sed diam nonummy nibh euismod tincidunt ut laoreet dolore magna aliquam erat volutpat. Ut wisi enim ad minim veniam, quis nostrud exerci tation ullamcorper suscipit lobortis nisl ut aliquip ex ea commodo consequat.
      
        </div>
        <!---->
      </div>
    </div>
     
    <div
      class="col-sm-6 col-md-4"
    >
      <div
        class="card bg-warning"
      >
        <header
          class="card-header"
        >
          Card title
        </header>
        <div
          class="card-body"
        >
          
          Lorem ipsum dolor sit amet, consectetuer adipiscing elit, sed diam nonummy nibh euismod tincidunt ut laoreet dolore magna aliquam erat volutpat. Ut wisi enim ad minim veniam, quis nostrud exerci tation ullamcorper suscipit lobortis nisl ut aliquip ex ea commodo consequat.
      
        </div>
        <!---->
      </div>
    </div>
     
    <div
      class="col-sm-6 col-md-4"
    >
      <div
        class="card bg-danger"
      >
        <header
          class="card-header"
        >
          Card title
        </header>
        <div
          class="card-body"
        >
          
          Lorem ipsum dolor sit amet, consectetuer adipiscing elit, sed diam nonummy nibh euismod tincidunt ut laoreet dolore magna aliquam erat volutpat. Ut wisi enim ad minim veniam, quis nostrud exerci tation ullamcorper suscipit lobortis nisl ut aliquip ex ea commodo consequat.
      
        </div>
        <!---->
      </div>
    </div>
     
    <div
      class="col-sm-6 col-md-4"
    >
      <div
        class="card bg-secondary"
        name="fade"
      >
        <!---->
        <header
          class="card-header"
        >
          
            Card with header actions
            
          <div
            class="card-header-actions"
          >
            <a
              class="card-header-action btn-setting"
              href="#"
              target="_self"
            >
              <i
                class="cui-settings"
              />
            </a>
             
            <a
              class="card-header-action btn-minimize"
              href="#"
              target="_self"
            >
              <i
                class="cui-chevron-bottom"
              />
            </a>
             
            <a
              class="card-header-action btn-close"
              href="#"
              target="_self"
            >
              <i
                class="cui-circle-x"
              />
            </a>
          </div>
        </header>
         
        <div
          class=""
        >
          <div
            class="card-body"
          >
            
              Lorem ipsum dolor sit amet, consectetuer adipiscing elit, sed diam nonummy nibh euismod tincidunt ut laoreet dolore magna aliquam erat volutpat. Ut wisi enim ad minim veniam, quis nostrud exerci tation ullamcorper suscipit lobortis nisl ut aliquip ex ea commodo consequat.
            
          </div>
        </div>
        <!---->
      </div>
    </div>
  </div>
</div>
`;
