// Jest Snapshot v1, https://goo.gl/fbAQLP

exports[`Carousels.vue renders correctly 1`] = `
<div
  class="row"
>
  <div
    class="col-md-12 col-lg-7"
  >
    <div
      class="card"
    >
      <!---->
      <header
        class="card-header"
      >
        <i
          class="fa fa-align-justify"
        />
         
        <strong>
           Bootstrap Carousel
        </strong>
         
        <div
          class="card-header-actions"
        >
          <a
            class="card-header-action"
            href="https://coreui.io/vue/docs/3.0/components/Carousel"
            rel="noreferrer noopener"
            target="_blank"
          >
            <small
              class="text-muted"
            >
              docs
            </small>
          </a>
        </div>
      </header>
       
      <div
        class="card-body"
      >
        <div
          class="carousel slide"
          style="height: 400px;"
        >
          <ol
            class="carousel-indicators"
          >
            <li
              class="active"
            />
            <li
              class=""
            />
            <li
              class=""
            />
          </ol>
          <div
            class="carousel-inner"
          >
            <div
              class="carousel-item active"
            >
              <img
                class="d-block w-100 h-100 img-fluid"
                src="https://lorempixel.com/1024/480/technics/2/"
              />
              <div
                class="carousel-caption"
              >
                <h3>
                  First Slide
                </h3>
                <p>
                  Nulla vitae elit libero, a pharetra augue mollis interdum.
                </p>
              </div>
            </div>
             
            <div
              class="carousel-item"
            >
              <svg
                blankColor="grey"
                class="d-block w-100 h-100 img-fluid"
                style="background-color: transparent;"
              />
              <div
                class="carousel-caption"
              >
                <h3>
                  Blank page
                </h3>
                <p>
                  Nulla vitae elit libero, a pharetra augue mollis interdum.
                </p>
              </div>
            </div>
             
            <div
              class="carousel-item"
            >
              <img
                class="d-block w-100 h-100 img-fluid"
                src="https://lorempixel.com/1024/480/technics/8/"
              />
              <!---->
            </div>
          </div>
          <a
            class="carousel-control-prev"
          >
            <span
              aria-label="Previous"
              class="carousel-control-prev-icon"
            />
          </a>
          <a
            class="carousel-control-next"
          >
            <span
              aria-label="Next"
              class="carousel-control-next-icon"
            />
          </a>
        </div>
      </div>
      <!---->
    </div>
  </div>
</div>
`;
