// Jest Snapshot v1, https://goo.gl/fbAQLP

exports[`Tables.vue renders correctly 1`] = `
<div>
  <crow-stub
    gutters="true"
  >
    <ccol-stub
      lg="6"
      tag="div"
    >
      <ctablewrapper-stub
        caption=<i class='fa fa-align-justify'></i> Simple Table
        fields="username,registered,role,status"
        items="[object Object],[object Object],[object Object],[object Object],[object Object],[object Object],[object Object],[object Object],[object Object],[object Object],[object Object],[object Object],[object Object],[object Object],[object Object],[object Object],[object Object],[object Object],[object Object],[object Object],[object Object],[object Object],[object Object],[object Object],[object Object]"
      />
    </ccol-stub>
     
    <ccol-stub
      lg="6"
      tag="div"
    >
      <ctablewrapper-stub
        caption=<i class='fa fa-align-justify'></i> Striped Table
        fields="username,registered,role,status"
        items="[object Object],[object Object],[object Object],[object Object],[object Object],[object Object],[object Object],[object Object],[object Object],[object Object],[object Object],[object Object],[object Object],[object Object],[object Object],[object Object],[object Object],[object Object],[object Object],[object Object],[object Object],[object Object],[object Object],[object Object],[object Object]"
        striped="true"
      />
    </ccol-stub>
  </crow-stub>
   
  <crow-stub
    gutters="true"
  >
    <ccol-stub
      lg="6"
      tag="div"
    >
      <ctablewrapper-stub
        caption=<i class='fa fa-align-justify'></i> Condensed Table
        fields="username,registered,role,status"
        items="[object Object],[object Object],[object Object],[object Object],[object Object],[object Object],[object Object],[object Object],[object Object],[object Object],[object Object],[object Object],[object Object],[object Object],[object Object],[object Object],[object Object],[object Object],[object Object],[object Object],[object Object],[object Object],[object Object],[object Object],[object Object]"
        small="true"
      />
    </ccol-stub>
     
    <ccol-stub
      lg="6"
      tag="div"
    >
      <ctablewrapper-stub
        bordered="true"
        caption=<i class='fa fa-align-justify'></i> Bordered Table
        fields="username,registered,role,status"
        fixed="true"
        items="[object Object],[object Object],[object Object],[object Object],[object Object],[object Object],[object Object],[object Object],[object Object],[object Object],[object Object],[object Object],[object Object],[object Object],[object Object],[object Object],[object Object],[object Object],[object Object],[object Object],[object Object],[object Object],[object Object],[object Object],[object Object]"
      />
    </ccol-stub>
  </crow-stub>
   
  <crow-stub
    gutters="true"
  >
    <ccol-stub
      sm="12"
      tag="div"
    >
      <ctablewrapper-stub
        bordered="true"
        caption=<i class='fa fa-align-justify'></i> Combined All Table
        fields="username,registered,role,status"
        fixed="true"
        hover="true"
        items="[object Object],[object Object],[object Object],[object Object],[object Object],[object Object],[object Object],[object Object],[object Object],[object Object],[object Object],[object Object],[object Object],[object Object],[object Object],[object Object],[object Object],[object Object],[object Object],[object Object],[object Object],[object Object],[object Object],[object Object],[object Object]"
        small="true"
        striped="true"
      />
    </ccol-stub>
  </crow-stub>
   
  <crow-stub
    gutters="true"
  >
    <ccol-stub
      sm="12"
      tag="div"
    >
      <ctablewrapper-stub
        bordered="true"
        caption=<i class='fa fa-align-justify'></i> Combined All Table
        dark="true"
        fields="username,registered,role,status"
        fixed="true"
        hover="true"
        items="[object Object],[object Object],[object Object],[object Object],[object Object],[object Object],[object Object],[object Object],[object Object],[object Object],[object Object],[object Object],[object Object],[object Object],[object Object],[object Object],[object Object],[object Object],[object Object],[object Object],[object Object],[object Object],[object Object],[object Object],[object Object]"
        small="true"
        striped="true"
      />
    </ccol-stub>
  </crow-stub>
</div>
`;
