// Jest Snapshot v1, https://goo.gl/fbAQLP

exports[`CoreUIIcons.vue renders correctly 1`] = `
<div>
  <ccard-stub>
    <ccardheader-stub>
      <i
        class="cui-pencil"
      />
      CoreUI Icons
      
      <cbadge-stub
        activeclass="active"
        color="info"
        event="click"
        exactactiveclass="active"
        routertag="a"
        tag="span"
        target="_self"
      >
        New
      </cbadge-stub>
       
      <div
        class="card-header-actions"
      >
        <a
          class="card-header-action"
          href="https://github.com/coreui/coreui-icons"
          rel="noreferrer noopener"
          target="_blank"
        >
          <small
            class="text-muted"
          >
            Github
          </small>
        </a>
      </div>
    </ccardheader-stub>
     
    <ccardbody-stub>
      <crow-stub
        class="text-center "
        gutters="true"
      >
        <ccol-stub
          col="6"
          md="3"
          sm="4"
          tag="div"
          xl="2"
        >
          <i
            class="cui-account-logout icons font-2xl d-block mt-4"
          />
           
          <div>
            account-logout
          </div>
        </ccol-stub>
         
        <ccol-stub
          col="6"
          md="3"
          sm="4"
          tag="div"
          xl="2"
        >
          <i
            class="cui-action-redo icons font-2xl d-block mt-4"
          />
           
          <div>
            action-redo
          </div>
        </ccol-stub>
         
        <ccol-stub
          col="6"
          md="3"
          sm="4"
          tag="div"
          xl="2"
        >
          <i
            class="cui-action-undo icons font-2xl d-block mt-4"
          />
           
          <div>
            action-undo
          </div>
        </ccol-stub>
         
        <ccol-stub
          col="6"
          md="3"
          sm="4"
          tag="div"
          xl="2"
        >
          <i
            class="cui-align-center icons font-2xl d-block mt-4"
          />
           
          <div>
            align-center
          </div>
        </ccol-stub>
         
        <ccol-stub
          col="6"
          md="3"
          sm="4"
          tag="div"
          xl="2"
        >
          <i
            class="cui-align-left icons font-2xl d-block mt-4"
          />
           
          <div>
            align-left
          </div>
        </ccol-stub>
         
        <ccol-stub
          col="6"
          md="3"
          sm="4"
          tag="div"
          xl="2"
        >
          <i
            class="cui-align-right icons font-2xl d-block mt-4"
          />
           
          <div>
            align-right
          </div>
        </ccol-stub>
         
        <ccol-stub
          col="6"
          md="3"
          sm="4"
          tag="div"
          xl="2"
        >
          <i
            class="cui-arrow-bottom icons font-2xl d-block mt-4"
          />
           
          <div>
            arrow-bottom
          </div>
        </ccol-stub>
         
        <ccol-stub
          col="6"
          md="3"
          sm="4"
          tag="div"
          xl="2"
        >
          <i
            class="cui-arrow-left icons font-2xl d-block mt-4"
          />
           
          <div>
            arrow-left
          </div>
        </ccol-stub>
         
        <ccol-stub
          col="6"
          md="3"
          sm="4"
          tag="div"
          xl="2"
        >
          <i
            class="cui-arrow-right icons font-2xl d-block mt-4"
          />
           
          <div>
            arrow-right
          </div>
        </ccol-stub>
         
        <ccol-stub
          col="6"
          md="3"
          sm="4"
          tag="div"
          xl="2"
        >
          <i
            class="cui-arrow-top icons font-2xl d-block mt-4"
          />
           
          <div>
            arrow-top
          </div>
        </ccol-stub>
         
        <ccol-stub
          col="6"
          md="3"
          sm="4"
          tag="div"
          xl="2"
        >
          <i
            class="cui-ban icons font-2xl d-block mt-4"
          />
           
          <div>
            ban
          </div>
        </ccol-stub>
         
        <ccol-stub
          col="6"
          md="3"
          sm="4"
          tag="div"
          xl="2"
        >
          <i
            class="cui-basket-loaded icons font-2xl d-block mt-4"
          />
           
          <div>
            basket-loaded
          </div>
        </ccol-stub>
         
        <ccol-stub
          col="6"
          md="3"
          sm="4"
          tag="div"
          xl="2"
        >
          <i
            class="cui-bell icons font-2xl d-block mt-4"
          />
           
          <div>
            bell
          </div>
        </ccol-stub>
         
        <ccol-stub
          col="6"
          md="3"
          sm="4"
          tag="div"
          xl="2"
        >
          <i
            class="cui-bold icons font-2xl d-block mt-4"
          />
           
          <div>
            bold
          </div>
        </ccol-stub>
         
        <ccol-stub
          col="6"
          md="3"
          sm="4"
          tag="div"
          xl="2"
        >
          <i
            class="cui-bookmark icons font-2xl d-block mt-4"
          />
           
          <div>
            bookmark
          </div>
        </ccol-stub>
         
        <ccol-stub
          col="6"
          md="3"
          sm="4"
          tag="div"
          xl="2"
        >
          <i
            class="cui-briefcase icons font-2xl d-block mt-4"
          />
           
          <div>
            briefcase
          </div>
        </ccol-stub>
         
        <ccol-stub
          col="6"
          md="3"
          sm="4"
          tag="div"
          xl="2"
        >
          <i
            class="cui-british-pound icons font-2xl d-block mt-4"
          />
           
          <div>
            british-pound
          </div>
        </ccol-stub>
         
        <ccol-stub
          col="6"
          md="3"
          sm="4"
          tag="div"
          xl="2"
        >
          <i
            class="cui-brush icons font-2xl d-block mt-4"
          />
           
          <div>
            brush
          </div>
        </ccol-stub>
         
        <ccol-stub
          col="6"
          md="3"
          sm="4"
          tag="div"
          xl="2"
        >
          <i
            class="cui-calculator icons font-2xl d-block mt-4"
          />
           
          <div>
            calculator
          </div>
        </ccol-stub>
         
        <ccol-stub
          col="6"
          md="3"
          sm="4"
          tag="div"
          xl="2"
        >
          <i
            class="cui-calendar icons font-2xl d-block mt-4"
          />
           
          <div>
            calendar
          </div>
        </ccol-stub>
         
        <ccol-stub
          col="6"
          md="3"
          sm="4"
          tag="div"
          xl="2"
        >
          <i
            class="cui-cart icons font-2xl d-block mt-4"
          />
           
          <div>
            cart
          </div>
        </ccol-stub>
         
        <ccol-stub
          col="6"
          md="3"
          sm="4"
          tag="div"
          xl="2"
        >
          <i
            class="cui-chart icons font-2xl d-block mt-4"
          />
           
          <div>
            chart
          </div>
        </ccol-stub>
         
        <ccol-stub
          col="6"
          md="3"
          sm="4"
          tag="div"
          xl="2"
        >
          <i
            class="cui-check icons font-2xl d-block mt-4"
          />
           
          <div>
            check
          </div>
        </ccol-stub>
         
        <ccol-stub
          col="6"
          md="3"
          sm="4"
          tag="div"
          xl="2"
        >
          <i
            class="cui-chevron-bottom icons font-2xl d-block mt-4"
          />
           
          <div>
            chevron-bottom
          </div>
        </ccol-stub>
         
        <ccol-stub
          col="6"
          md="3"
          sm="4"
          tag="div"
          xl="2"
        >
          <i
            class="cui-chevron-left icons font-2xl d-block mt-4"
          />
           
          <div>
            chevron-left
          </div>
        </ccol-stub>
         
        <ccol-stub
          col="6"
          md="3"
          sm="4"
          tag="div"
          xl="2"
        >
          <i
            class="cui-chevron-right icons font-2xl d-block mt-4"
          />
           
          <div>
            chevron-right
          </div>
        </ccol-stub>
         
        <ccol-stub
          col="6"
          md="3"
          sm="4"
          tag="div"
          xl="2"
        >
          <i
            class="cui-chevron-top icons font-2xl d-block mt-4"
          />
           
          <div>
            chevron-top
          </div>
        </ccol-stub>
         
        <ccol-stub
          col="6"
          md="3"
          sm="4"
          tag="div"
          xl="2"
        >
          <i
            class="cui-circle-check icons font-2xl d-block mt-4"
          />
           
          <div>
            circle-check
          </div>
        </ccol-stub>
         
        <ccol-stub
          col="6"
          md="3"
          sm="4"
          tag="div"
          xl="2"
        >
          <i
            class="cui-circle-x icons font-2xl d-block mt-4"
          />
           
          <div>
            circle-x
          </div>
        </ccol-stub>
         
        <ccol-stub
          col="6"
          md="3"
          sm="4"
          tag="div"
          xl="2"
        >
          <i
            class="cui-cloud icons font-2xl d-block mt-4"
          />
           
          <div>
            cloud
          </div>
        </ccol-stub>
         
        <ccol-stub
          col="6"
          md="3"
          sm="4"
          tag="div"
          xl="2"
        >
          <i
            class="cui-cloud-download icons font-2xl d-block mt-4"
          />
           
          <div>
            cloud-download
          </div>
        </ccol-stub>
         
        <ccol-stub
          col="6"
          md="3"
          sm="4"
          tag="div"
          xl="2"
        >
          <i
            class="cui-cloud-upload icons font-2xl d-block mt-4"
          />
           
          <div>
            cloud-upload
          </div>
        </ccol-stub>
         
        <ccol-stub
          col="6"
          md="3"
          sm="4"
          tag="div"
          xl="2"
        >
          <i
            class="cui-code icons font-2xl d-block mt-4"
          />
           
          <div>
            code
          </div>
        </ccol-stub>
         
        <ccol-stub
          col="6"
          md="3"
          sm="4"
          tag="div"
          xl="2"
        >
          <i
            class="cui-cog icons font-2xl d-block mt-4"
          />
           
          <div>
            cog
          </div>
        </ccol-stub>
         
        <ccol-stub
          col="6"
          md="3"
          sm="4"
          tag="div"
          xl="2"
        >
          <i
            class="cui-comment-square icons font-2xl d-block mt-4"
          />
           
          <div>
            comment-square
          </div>
        </ccol-stub>
         
        <ccol-stub
          col="6"
          md="3"
          sm="4"
          tag="div"
          xl="2"
        >
          <i
            class="cui-credit-card icons font-2xl d-block mt-4"
          />
           
          <div>
            credit-card
          </div>
        </ccol-stub>
         
        <ccol-stub
          col="6"
          md="3"
          sm="4"
          tag="div"
          xl="2"
        >
          <i
            class="cui-cursor icons font-2xl d-block mt-4"
          />
           
          <div>
            cursor
          </div>
        </ccol-stub>
         
        <ccol-stub
          col="6"
          md="3"
          sm="4"
          tag="div"
          xl="2"
        >
          <i
            class="cui-dashboard icons font-2xl d-block mt-4"
          />
           
          <div>
            dashboard
          </div>
        </ccol-stub>
         
        <ccol-stub
          col="6"
          md="3"
          sm="4"
          tag="div"
          xl="2"
        >
          <i
            class="cui-delete icons font-2xl d-block mt-4"
          />
           
          <div>
            delete
          </div>
        </ccol-stub>
         
        <ccol-stub
          col="6"
          md="3"
          sm="4"
          tag="div"
          xl="2"
        >
          <i
            class="cui-dollar icons font-2xl d-block mt-4"
          />
           
          <div>
            dollar
          </div>
        </ccol-stub>
         
        <ccol-stub
          col="6"
          md="3"
          sm="4"
          tag="div"
          xl="2"
        >
          <i
            class="cui-drop icons font-2xl d-block mt-4"
          />
           
          <div>
            drop
          </div>
        </ccol-stub>
         
        <ccol-stub
          col="6"
          md="3"
          sm="4"
          tag="div"
          xl="2"
        >
          <i
            class="cui-envelope-closed icons font-2xl d-block mt-4"
          />
           
          <div>
            envelope-closed
          </div>
        </ccol-stub>
         
        <ccol-stub
          col="6"
          md="3"
          sm="4"
          tag="div"
          xl="2"
        >
          <i
            class="cui-envelope-letter icons font-2xl d-block mt-4"
          />
           
          <div>
            envelope-letter
          </div>
        </ccol-stub>
         
        <ccol-stub
          col="6"
          md="3"
          sm="4"
          tag="div"
          xl="2"
        >
          <i
            class="cui-envelope-open icons font-2xl d-block mt-4"
          />
           
          <div>
            envelope-open
          </div>
        </ccol-stub>
         
        <ccol-stub
          col="6"
          md="3"
          sm="4"
          tag="div"
          xl="2"
        >
          <i
            class="cui-euro icons font-2xl d-block mt-4"
          />
           
          <div>
            euro
          </div>
        </ccol-stub>
         
        <ccol-stub
          col="6"
          md="3"
          sm="4"
          tag="div"
          xl="2"
        >
          <i
            class="cui-file icons font-2xl d-block mt-4"
          />
           
          <div>
            file
          </div>
        </ccol-stub>
         
        <ccol-stub
          col="6"
          md="3"
          sm="4"
          tag="div"
          xl="2"
        >
          <i
            class="cui-globe icons font-2xl d-block mt-4"
          />
           
          <div>
            globe
          </div>
        </ccol-stub>
         
        <ccol-stub
          col="6"
          md="3"
          sm="4"
          tag="div"
          xl="2"
        >
          <i
            class="cui-graph icons font-2xl d-block mt-4"
          />
           
          <div>
            graph
          </div>
        </ccol-stub>
         
        <ccol-stub
          col="6"
          md="3"
          sm="4"
          tag="div"
          xl="2"
        >
          <i
            class="cui-home icons font-2xl d-block mt-4"
          />
           
          <div>
            home
          </div>
        </ccol-stub>
         
        <ccol-stub
          col="6"
          md="3"
          sm="4"
          tag="div"
          xl="2"
        >
          <i
            class="cui-inbox icons font-2xl d-block mt-4"
          />
           
          <div>
            inbox
          </div>
        </ccol-stub>
         
        <ccol-stub
          col="6"
          md="3"
          sm="4"
          tag="div"
          xl="2"
        >
          <i
            class="cui-info icons font-2xl d-block mt-4"
          />
           
          <div>
            info
          </div>
        </ccol-stub>
         
        <ccol-stub
          col="6"
          md="3"
          sm="4"
          tag="div"
          xl="2"
        >
          <i
            class="cui-italic icons font-2xl d-block mt-4"
          />
           
          <div>
            italic
          </div>
        </ccol-stub>
         
        <ccol-stub
          col="6"
          md="3"
          sm="4"
          tag="div"
          xl="2"
        >
          <i
            class="cui-justify-center icons font-2xl d-block mt-4"
          />
           
          <div>
            justify-center
          </div>
        </ccol-stub>
         
        <ccol-stub
          col="6"
          md="3"
          sm="4"
          tag="div"
          xl="2"
        >
          <i
            class="cui-justify-left icons font-2xl d-block mt-4"
          />
           
          <div>
            justify-left
          </div>
        </ccol-stub>
         
        <ccol-stub
          col="6"
          md="3"
          sm="4"
          tag="div"
          xl="2"
        >
          <i
            class="cui-justify-right icons font-2xl d-block mt-4"
          />
           
          <div>
            justify-right
          </div>
        </ccol-stub>
         
        <ccol-stub
          col="6"
          md="3"
          sm="4"
          tag="div"
          xl="2"
        >
          <i
            class="cui-laptop icons font-2xl d-block mt-4"
          />
           
          <div>
            laptop
          </div>
        </ccol-stub>
         
        <ccol-stub
          col="6"
          md="3"
          sm="4"
          tag="div"
          xl="2"
        >
          <i
            class="cui-layers icons font-2xl d-block mt-4"
          />
           
          <div>
            layers
          </div>
        </ccol-stub>
         
        <ccol-stub
          col="6"
          md="3"
          sm="4"
          tag="div"
          xl="2"
        >
          <i
            class="cui-lightbulb icons font-2xl d-block mt-4"
          />
           
          <div>
            lightbulb
          </div>
        </ccol-stub>
         
        <ccol-stub
          col="6"
          md="3"
          sm="4"
          tag="div"
          xl="2"
        >
          <i
            class="cui-list icons font-2xl d-block mt-4"
          />
           
          <div>
            list
          </div>
        </ccol-stub>
         
        <ccol-stub
          col="6"
          md="3"
          sm="4"
          tag="div"
          xl="2"
        >
          <i
            class="cui-location-pin icons font-2xl d-block mt-4"
          />
           
          <div>
            location-pin
          </div>
        </ccol-stub>
         
        <ccol-stub
          col="6"
          md="3"
          sm="4"
          tag="div"
          xl="2"
        >
          <i
            class="cui-lock-locked icons font-2xl d-block mt-4"
          />
           
          <div>
            lock-locked
          </div>
        </ccol-stub>
         
        <ccol-stub
          col="6"
          md="3"
          sm="4"
          tag="div"
          xl="2"
        >
          <i
            class="cui-lock-unlocked icons font-2xl d-block mt-4"
          />
           
          <div>
            lock-unlocked
          </div>
        </ccol-stub>
         
        <ccol-stub
          col="6"
          md="3"
          sm="4"
          tag="div"
          xl="2"
        >
          <i
            class="cui-magnifying-glass icons font-2xl d-block mt-4"
          />
           
          <div>
            magnifying-glass
          </div>
        </ccol-stub>
         
        <ccol-stub
          col="6"
          md="3"
          sm="4"
          tag="div"
          xl="2"
        >
          <i
            class="cui-map icons font-2xl d-block mt-4"
          />
           
          <div>
            map
          </div>
        </ccol-stub>
         
        <ccol-stub
          col="6"
          md="3"
          sm="4"
          tag="div"
          xl="2"
        >
          <i
            class="cui-monitor icons font-2xl d-block mt-4"
          />
           
          <div>
            monitor
          </div>
        </ccol-stub>
         
        <ccol-stub
          col="6"
          md="3"
          sm="4"
          tag="div"
          xl="2"
        >
          <i
            class="cui-moon icons font-2xl d-block mt-4"
          />
           
          <div>
            moon
          </div>
        </ccol-stub>
         
        <ccol-stub
          col="6"
          md="3"
          sm="4"
          tag="div"
          xl="2"
        >
          <i
            class="cui-note icons font-2xl d-block mt-4"
          />
           
          <div>
            note
          </div>
        </ccol-stub>
         
        <ccol-stub
          col="6"
          md="3"
          sm="4"
          tag="div"
          xl="2"
        >
          <i
            class="cui-options icons font-2xl d-block mt-4"
          />
           
          <div>
            options
          </div>
        </ccol-stub>
         
        <ccol-stub
          col="6"
          md="3"
          sm="4"
          tag="div"
          xl="2"
        >
          <i
            class="cui-paperclip icons font-2xl d-block mt-4"
          />
           
          <div>
            paperclip
          </div>
        </ccol-stub>
         
        <ccol-stub
          col="6"
          md="3"
          sm="4"
          tag="div"
          xl="2"
        >
          <i
            class="cui-pencil icons font-2xl d-block mt-4"
          />
           
          <div>
            pencil
          </div>
        </ccol-stub>
         
        <ccol-stub
          col="6"
          md="3"
          sm="4"
          tag="div"
          xl="2"
        >
          <i
            class="cui-people icons font-2xl d-block mt-4"
          />
           
          <div>
            people
          </div>
        </ccol-stub>
         
        <ccol-stub
          col="6"
          md="3"
          sm="4"
          tag="div"
          xl="2"
        >
          <i
            class="cui-phone icons font-2xl d-block mt-4"
          />
           
          <div>
            phone
          </div>
        </ccol-stub>
         
        <ccol-stub
          col="6"
          md="3"
          sm="4"
          tag="div"
          xl="2"
        >
          <i
            class="cui-pie-chart icons font-2xl d-block mt-4"
          />
           
          <div>
            pie-chart
          </div>
        </ccol-stub>
         
        <ccol-stub
          col="6"
          md="3"
          sm="4"
          tag="div"
          xl="2"
        >
          <i
            class="cui-print icons font-2xl d-block mt-4"
          />
           
          <div>
            print
          </div>
        </ccol-stub>
         
        <ccol-stub
          col="6"
          md="3"
          sm="4"
          tag="div"
          xl="2"
        >
          <i
            class="cui-puzzle icons font-2xl d-block mt-4"
          />
           
          <div>
            puzzle
          </div>
        </ccol-stub>
         
        <ccol-stub
          col="6"
          md="3"
          sm="4"
          tag="div"
          xl="2"
        >
          <i
            class="cui-rss icons font-2xl d-block mt-4"
          />
           
          <div>
            rss
          </div>
        </ccol-stub>
         
        <ccol-stub
          col="6"
          md="3"
          sm="4"
          tag="div"
          xl="2"
        >
          <i
            class="cui-screen-desktop icons font-2xl d-block mt-4"
          />
           
          <div>
            screen-desktop
          </div>
        </ccol-stub>
         
        <ccol-stub
          col="6"
          md="3"
          sm="4"
          tag="div"
          xl="2"
        >
          <i
            class="cui-screen-smartphone icons font-2xl d-block mt-4"
          />
           
          <div>
            screen-smartphone
          </div>
        </ccol-stub>
         
        <ccol-stub
          col="6"
          md="3"
          sm="4"
          tag="div"
          xl="2"
        >
          <i
            class="cui-settings icons font-2xl d-block mt-4"
          />
           
          <div>
            settings
          </div>
        </ccol-stub>
         
        <ccol-stub
          col="6"
          md="3"
          sm="4"
          tag="div"
          xl="2"
        >
          <i
            class="cui-share icons font-2xl d-block mt-4"
          />
           
          <div>
            share
          </div>
        </ccol-stub>
         
        <ccol-stub
          col="6"
          md="3"
          sm="4"
          tag="div"
          xl="2"
        >
          <i
            class="cui-shield icons font-2xl d-block mt-4"
          />
           
          <div>
            shield
          </div>
        </ccol-stub>
         
        <ccol-stub
          col="6"
          md="3"
          sm="4"
          tag="div"
          xl="2"
        >
          <i
            class="cui-sort-ascending icons font-2xl d-block mt-4"
          />
           
          <div>
            sort-ascending
          </div>
        </ccol-stub>
         
        <ccol-stub
          col="6"
          md="3"
          sm="4"
          tag="div"
          xl="2"
        >
          <i
            class="cui-sort-descending icons font-2xl d-block mt-4"
          />
           
          <div>
            sort-descending
          </div>
        </ccol-stub>
         
        <ccol-stub
          col="6"
          md="3"
          sm="4"
          tag="div"
          xl="2"
        >
          <i
            class="cui-speech icons font-2xl d-block mt-4"
          />
           
          <div>
            speech
          </div>
        </ccol-stub>
         
        <ccol-stub
          col="6"
          md="3"
          sm="4"
          tag="div"
          xl="2"
        >
          <i
            class="cui-speedometer icons font-2xl d-block mt-4"
          />
           
          <div>
            speedometer
          </div>
        </ccol-stub>
         
        <ccol-stub
          col="6"
          md="3"
          sm="4"
          tag="div"
          xl="2"
        >
          <i
            class="cui-star icons font-2xl d-block mt-4"
          />
           
          <div>
            star
          </div>
        </ccol-stub>
         
        <ccol-stub
          col="6"
          md="3"
          sm="4"
          tag="div"
          xl="2"
        >
          <i
            class="cui-sun icons font-2xl d-block mt-4"
          />
           
          <div>
            sun
          </div>
        </ccol-stub>
         
        <ccol-stub
          col="6"
          md="3"
          sm="4"
          tag="div"
          xl="2"
        >
          <i
            class="cui-tablet icons font-2xl d-block mt-4"
          />
           
          <div>
            tablet
          </div>
        </ccol-stub>
         
        <ccol-stub
          col="6"
          md="3"
          sm="4"
          tag="div"
          xl="2"
        >
          <i
            class="cui-tags icons font-2xl d-block mt-4"
          />
           
          <div>
            tags
          </div>
        </ccol-stub>
         
        <ccol-stub
          col="6"
          md="3"
          sm="4"
          tag="div"
          xl="2"
        >
          <i
            class="cui-task icons font-2xl d-block mt-4"
          />
           
          <div>
            task
          </div>
        </ccol-stub>
         
        <ccol-stub
          col="6"
          md="3"
          sm="4"
          tag="div"
          xl="2"
        >
          <i
            class="cui-thumb-down icons font-2xl d-block mt-4"
          />
           
          <div>
            thumb-down
          </div>
        </ccol-stub>
         
        <ccol-stub
          col="6"
          md="3"
          sm="4"
          tag="div"
          xl="2"
        >
          <i
            class="cui-thumb-up icons font-2xl d-block mt-4"
          />
           
          <div>
            thumb-up
          </div>
        </ccol-stub>
         
        <ccol-stub
          col="6"
          md="3"
          sm="4"
          tag="div"
          xl="2"
        >
          <i
            class="cui-trash icons font-2xl d-block mt-4"
          />
           
          <div>
            trash
          </div>
        </ccol-stub>
         
        <ccol-stub
          col="6"
          md="3"
          sm="4"
          tag="div"
          xl="2"
        >
          <i
            class="cui-underline icons font-2xl d-block mt-4"
          />
           
          <div>
            underline
          </div>
        </ccol-stub>
         
        <ccol-stub
          col="6"
          md="3"
          sm="4"
          tag="div"
          xl="2"
        >
          <i
            class="cui-user icons font-2xl d-block mt-4"
          />
           
          <div>
            user
          </div>
        </ccol-stub>
         
        <ccol-stub
          col="6"
          md="3"
          sm="4"
          tag="div"
          xl="2"
        >
          <i
            class="cui-user-female icons font-2xl d-block mt-4"
          />
           
          <div>
            user-female
          </div>
        </ccol-stub>
         
        <ccol-stub
          col="6"
          md="3"
          sm="4"
          tag="div"
          xl="2"
        >
          <i
            class="cui-user-follow icons font-2xl d-block mt-4"
          />
           
          <div>
            user-follow
          </div>
        </ccol-stub>
         
        <ccol-stub
          col="6"
          md="3"
          sm="4"
          tag="div"
          xl="2"
        >
          <i
            class="cui-user-unfollow icons font-2xl d-block mt-4"
          />
           
          <div>
            user-unfollow
          </div>
        </ccol-stub>
         
        <ccol-stub
          col="6"
          md="3"
          sm="4"
          tag="div"
          xl="2"
        >
          <i
            class="cui-wrench icons font-2xl d-block mt-4"
          />
           
          <div>
            wrench
          </div>
        </ccol-stub>
         
        <ccol-stub
          col="6"
          md="3"
          sm="4"
          tag="div"
          xl="2"
        >
          <i
            class="cui-yen icons font-2xl d-block mt-4"
          />
           
          <div>
            yen
          </div>
        </ccol-stub>
      </crow-stub>
    </ccardbody-stub>
  </ccard-stub>
</div>
`;
